   ??Next.js 16.0.8 (Turbopack)
   - Environments: .env.local, .env

 ??The "middleware" file convention is deprecated. Please use "proxy" instead. Learn more: https://nextjs.org/docs/messages/middleware-to-proxy
   Creating an optimized production build ...
 ??Compiled successfully in 17.0s
   Running TypeScript ...
   Collecting page data using 23 workers ...
The default export of @sanity/image-url has been deprecated. Use the named export `createImageUrlBuilder` instead.
   Generating static pages using 23 workers (0/43) ...
   Generating static pages using 23 workers (10/43) 
The default export of @sanity/image-url has been deprecated. Use the named export `createImageUrlBuilder` instead.
   Generating static pages using 23 workers (21/43) 
The default export of @sanity/image-url has been deprecated. Use the named export `createImageUrlBuilder` instead.
 殊?useSearchParams() should be wrapped in a suspense boundary at page "/settings". Read more: https://nextjs.org/docs/messages/missing-suspense-with-csr-bailout
    at S (C:\Users\gicho\Desktop\BFGC HOME\.next\server\chunks\ssr\node_modules_next_cf02c53c._.js:2:2111)
    at p (C:\Users\gicho\Desktop\BFGC HOME\.next\server\chunks\ssr\node_modules_next_cf02c53c._.js:4:4878)
    at E (C:\Users\gicho\Desktop\BFGC HOME\.next\server\chunks\ssr\src_app_settings_page_tsx_64604ac7._.js:1:8181)
    at ar (C:\Users\gicho\Desktop\BFGC HOME\node_modules\next\dist\compiled\next-server\app-page-turbo.runtime.prod.js:2:84366)
    at aa (C:\Users\gicho\Desktop\BFGC HOME\node_modules\next\dist\compiled\next-server\app-page-turbo.runtime.prod.js:2:86185)
    at as (C:\Users\gicho\Desktop\BFGC HOME\node_modules\next\dist\compiled\next-server\app-page-turbo.runtime.prod.js:2:107952)
    at ao (C:\Users\gicho\Desktop\BFGC HOME\node_modules\next\dist\compiled\next-server\app-page-turbo.runtime.prod.js:2:105374)
    at an (C:\Users\gicho\Desktop\BFGC HOME\node_modules\next\dist\compiled\next-server\app-page-turbo.runtime.prod.js:2:84718)
    at aa (C:\Users\gicho\Desktop\BFGC HOME\node_modules\next\dist\compiled\next-server\app-page-turbo.runtime.prod.js:2:86234)
    at aa (C:\Users\gicho\Desktop\BFGC HOME\node_modules\next\dist\compiled\next-server\app-page-turbo.runtime.prod.js:2:104714)
Error occurred prerendering page "/settings". Read more: https://nextjs.org/docs/messages/prerender-error
Export encountered an error on /settings/page: /settings, exiting the build.
 殊?Next.js build worker exited with code: 1 and signal: null
